V3 3
FL C:/Users/user/lab2/top.vhd 2022/03/23.14:46:22 K.31
EN work/lab2_example 1648035987 FL C:/Users/user/lab2/top.vhd \
      PB ieee/std_logic_1164 1200023565 PB ieee/std_logic_arith 1200023566 \
      PB ieee/STD_LOGIC_UNSIGNED 1200023567
AR work/lab2_example/behavioral 1648035988 \
      FL C:/Users/user/lab2/top.vhd EN work/lab2_example 1648035987
