Archive member included because of file (symbol)

../hello_bsp/\libhal_bsp.a(alt_load.o)
                              ../hello_bsp//obj/HAL/src/crt0.o (alt_load)
../hello_bsp/\libhal_bsp.a(alt_main.o)
                              ../hello_bsp//obj/HAL/src/crt0.o (alt_main)
../hello_bsp/\libhal_bsp.a(alt_putchar.o)
                              obj/default/hello_world_small.o (alt_putchar)
../hello_bsp/\libhal_bsp.a(alt_sys_init.o)
                              ../hello_bsp/\libhal_bsp.a(alt_main.o) (alt_sys_init)
../hello_bsp/\libhal_bsp.a(altera_avalon_uart_write.o)
                              ../hello_bsp/\libhal_bsp.a(alt_putchar.o) (altera_avalon_uart_write)
../hello_bsp/\libhal_bsp.a(alt_dcache_flush_all.o)
                              ../hello_bsp/\libhal_bsp.a(alt_load.o) (alt_dcache_flush_all)
../hello_bsp/\libhal_bsp.a(alt_errno.o)
                              ../hello_bsp/\libhal_bsp.a(altera_avalon_uart_write.o) (alt_errno)
../hello_bsp/\libhal_bsp.a(alt_icache_flush_all.o)
                              ../hello_bsp/\libhal_bsp.a(alt_load.o) (alt_icache_flush_all)
../hello_bsp/\libhal_bsp.a(altera_nios2_qsys_irq.o)
                              ../hello_bsp/\libhal_bsp.a(alt_sys_init.o) (altera_nios2_qsys_irq_init)
c:/altera/13.0/nios2eds/bin/gnu/h-i686-mingw32/bin/../lib/gcc/nios2-elf/4.1.2/../../../../nios2-elf/lib/mno-hw-mul\libsmallc.a(lib_a-int_errno.o)
                              ../hello_bsp/\libhal_bsp.a(altera_avalon_uart_write.o) (errno)

Allocating common symbols
Common symbol       size              file

errno               0x4               c:/altera/13.0/nios2eds/bin/gnu/h-i686-mingw32/bin/../lib/gcc/nios2-elf/4.1.2/../../../../nios2-elf/lib/mno-hw-mul\libsmallc.a(lib_a-int_errno.o)

Memory Configuration

Name             Origin             Length             Attributes
reset            0x00004000         0x00000020
onchip_memory2_0 0x00004020         0x00001fe4
*default*        0x00000000         0xffffffff

Linker script and memory map

LOAD ../hello_bsp//obj/HAL/src/crt0.o
                0x0000400c                exit = _exit
LOAD obj/default/hello_world_small.o
LOAD c:/altera/13.0/nios2eds/bin/gnu/h-i686-mingw32/bin/../lib/gcc/nios2-elf/4.1.2/../../../../nios2-elf/lib/mno-hw-mul\libstdc++.a
LOAD c:/altera/13.0/nios2eds/bin/gnu/h-i686-mingw32/bin/../lib/gcc/nios2-elf/4.1.2/../../../../nios2-elf/lib/mno-hw-mul\libm.a
LOAD c:/altera/13.0/nios2eds/bin/gnu/h-i686-mingw32/bin/../lib/gcc/nios2-elf/4.1.2/mno-hw-mul\libgcc.a
START GROUP
LOAD c:/altera/13.0/nios2eds/bin/gnu/h-i686-mingw32/bin/../lib/gcc/nios2-elf/4.1.2/../../../../nios2-elf/lib/mno-hw-mul\libsmallc.a
LOAD c:/altera/13.0/nios2eds/bin/gnu/h-i686-mingw32/bin/../lib/gcc/nios2-elf/4.1.2/mno-hw-mul\libgcc.a
LOAD ../hello_bsp/\libhal_bsp.a
END GROUP
LOAD c:/altera/13.0/nios2eds/bin/gnu/h-i686-mingw32/bin/../lib/gcc/nios2-elf/4.1.2/mno-hw-mul\libgcc.a
                0x00004000                __alt_mem_onchip_memory2_0 = 0x4000

.entry          0x00004000       0x20
 *(.entry)
 .entry         0x00004000       0x20 ../hello_bsp//obj/HAL/src/crt0.o
                0x00004000                __reset
                0x0000400c                _exit

.exceptions     0x00004020        0x0
                0x00004020                PROVIDE (__ram_exceptions_start, ABSOLUTE (.))
                0x00004020                . = ALIGN (0x20)
 *(.irq)
 *(.exceptions.entry.label)
 *(.exceptions.entry.user)
 *(.exceptions.entry)
 *(.exceptions.irqtest.user)
 *(.exceptions.irqtest)
 *(.exceptions.irqhandler.user)
 *(.exceptions.irqhandler)
 *(.exceptions.irqreturn.user)
 *(.exceptions.irqreturn)
 *(.exceptions.notirq.label)
 *(.exceptions.notirq.user)
 *(.exceptions.notirq)
 *(.exceptions.soft.user)
 *(.exceptions.soft)
 *(.exceptions.unknown.user)
 *(.exceptions.unknown)
 *(.exceptions.exit.label)
 *(.exceptions.exit.user)
 *(.exceptions.exit)
 *(.exceptions)
                0x00004020                PROVIDE (__ram_exceptions_end, ABSOLUTE (.))
                0x00004020                PROVIDE (__flash_exceptions_start, LOADADDR (.exceptions))

.text           0x00004020      0x2a0
                0x00004020                PROVIDE (stext, ABSOLUTE (.))
 *(.interp)
 *(.hash)
 *(.dynsym)
 *(.dynstr)
 *(.gnu.version)
 *(.gnu.version_d)
 *(.gnu.version_r)
 *(.rel.init)
 *(.rela.init)
 *(.rel.text .rel.text.* .rel.gnu.linkonce.t.*)
 *(.rela.text .rela.text.* .rela.gnu.linkonce.t.*)
 *(.rel.fini)
 *(.rela.fini)
 *(.rel.rodata .rel.rodata.* .rel.gnu.linkonce.r.*)
 *(.rela.rodata .rela.rodata.* .rela.gnu.linkonce.r.*)
 *(.rel.data .rel.data.* .rel.gnu.linkonce.d.*)
 *(.rela.data .rela.data.* .rela.gnu.linkonce.d.*)
 *(.rel.tdata .rel.tdata.* .rel.gnu.linkonce.td.*)
 *(.rela.tdata .rela.tdata.* .rela.gnu.linkonce.td.*)
 *(.rel.tbss .rel.tbss.* .rel.gnu.linkonce.tb.*)
 *(.rela.tbss .rela.tbss.* .rela.gnu.linkonce.tb.*)
 *(.rel.ctors)
 *(.rela.ctors)
 *(.rel.dtors)
 *(.rela.dtors)
 *(.rel.got)
 *(.rela.got)
 *(.rel.sdata .rel.sdata.* .rel.gnu.linkonce.s.*)
 *(.rela.sdata .rela.sdata.* .rela.gnu.linkonce.s.*)
 *(.rel.sbss .rel.sbss.* .rel.gnu.linkonce.sb.*)
 *(.rela.sbss .rela.sbss.* .rela.gnu.linkonce.sb.*)
 *(.rel.sdata2 .rel.sdata2.* .rel.gnu.linkonce.s2.*)
 *(.rela.sdata2 .rela.sdata2.* .rela.gnu.linkonce.s2.*)
 *(.rel.sbss2 .rel.sbss2.* .rel.gnu.linkonce.sb2.*)
 *(.rela.sbss2 .rela.sbss2.* .rela.gnu.linkonce.sb2.*)
 *(.rel.bss .rel.bss.* .rel.gnu.linkonce.b.*)
 *(.rela.bss .rela.bss.* .rela.gnu.linkonce.b.*)
 *(.rel.plt)
 *(.rela.plt)
 *(.rel.dyn)
 *(.init)
 *(.plt)
 *(.text .stub .text.* .gnu.linkonce.t.*)
 .text          0x00004020       0x3c ../hello_bsp//obj/HAL/src/crt0.o
                0x00004020                _start
 .text          0x0000405c       0x94 obj/default/hello_world_small.o
                0x0000405c                main
 .text          0x000040f0       0x8c ../hello_bsp/\libhal_bsp.a(alt_load.o)
                0x00004110                alt_load
 .text          0x0000417c       0x2c ../hello_bsp/\libhal_bsp.a(alt_main.o)
                0x0000417c                alt_main
 .text          0x000041a8       0x50 ../hello_bsp/\libhal_bsp.a(alt_putchar.o)
                0x000041a8                alt_putchar
 .text          0x000041f8       0x24 ../hello_bsp/\libhal_bsp.a(alt_sys_init.o)
                0x000041f8                alt_sys_init
                0x000041fc                alt_irq_init
 .text          0x0000421c       0x94 ../hello_bsp/\libhal_bsp.a(altera_avalon_uart_write.o)
                0x0000421c                altera_avalon_uart_write
 .text          0x000042b0        0x4 ../hello_bsp/\libhal_bsp.a(alt_dcache_flush_all.o)
                0x000042b0                alt_dcache_flush_all
 .text          0x000042b4        0x0 ../hello_bsp/\libhal_bsp.a(alt_errno.o)
 .text          0x000042b4        0x4 ../hello_bsp/\libhal_bsp.a(alt_icache_flush_all.o)
                0x000042b4                alt_icache_flush_all
 .text          0x000042b8        0x8 ../hello_bsp/\libhal_bsp.a(altera_nios2_qsys_irq.o)
                0x000042b8                altera_nios2_qsys_irq_init
 .text          0x000042c0        0x0 c:/altera/13.0/nios2eds/bin/gnu/h-i686-mingw32/bin/../lib/gcc/nios2-elf/4.1.2/../../../../nios2-elf/lib/mno-hw-mul\libsmallc.a(lib_a-int_errno.o)
 *(.gnu.warning.*)
 *(.fini)
                0x000042c0                PROVIDE (__etext, ABSOLUTE (.))
                0x000042c0                PROVIDE (_etext, ABSOLUTE (.))
                0x000042c0                PROVIDE (etext, ABSOLUTE (.))
 *(.eh_frame_hdr)
                0x000042c0                . = ALIGN (0x4)
                0x000042c0                PROVIDE (__preinit_array_start, ABSOLUTE (.))
 *(.preinit_array)
                0x000042c0                PROVIDE (__preinit_array_end, ABSOLUTE (.))
                0x000042c0                PROVIDE (__init_array_start, ABSOLUTE (.))
 *(.init_array)
                0x000042c0                PROVIDE (__init_array_end, ABSOLUTE (.))
                0x000042c0                PROVIDE (__fini_array_start, ABSOLUTE (.))
 *(.fini_array)
                0x000042c0                PROVIDE (__fini_array_end, ABSOLUTE (.))
 *(.eh_frame)
 *(.gcc_except_table)
 *(.dynamic)
                0x000042c0                PROVIDE (__CTOR_LIST__, ABSOLUTE (.))
 *(.ctors)
 *(SORT(.ctors.*))
                0x000042c0                PROVIDE (__CTOR_END__, ABSOLUTE (.))
                0x000042c0                PROVIDE (__DTOR_LIST__, ABSOLUTE (.))
 *(.dtors)
 *(SORT(.dtors.*))
                0x000042c0                PROVIDE (__DTOR_END__, ABSOLUTE (.))
 *(.jcr)
                0x000042c0                . = ALIGN (0x4)

.rodata         0x000042c0        0x0
                0x000042c0                PROVIDE (__ram_rodata_start, ABSOLUTE (.))
                0x000042c0                . = ALIGN (0x4)
 *(.rodata .rodata.* .gnu.linkonce.r.*)
 *(.rodata1)
                0x000042c0                . = ALIGN (0x4)
                0x000042c0                PROVIDE (__ram_rodata_end, ABSOLUTE (.))
                0x000042c0                PROVIDE (__flash_rodata_start, LOADADDR (.rodata))

.rwdata         0x000042c0        0x8 load address 0x000042c8
                0x000042c0                PROVIDE (__ram_rwdata_start, ABSOLUTE (.))
                0x000042c0                . = ALIGN (0x4)
 *(.got.plt)
 *(.got)
 *(.data1)
 *(.data .data.* .gnu.linkonce.d.*)
 .data          0x000042c0        0x0 ../hello_bsp//obj/HAL/src/crt0.o
 .data          0x000042c0        0x0 obj/default/hello_world_small.o
 .data          0x000042c0        0x0 ../hello_bsp/\libhal_bsp.a(alt_load.o)
 .data          0x000042c0        0x0 ../hello_bsp/\libhal_bsp.a(alt_main.o)
 .data          0x000042c0        0x0 ../hello_bsp/\libhal_bsp.a(alt_putchar.o)
 .data          0x000042c0        0x0 ../hello_bsp/\libhal_bsp.a(alt_sys_init.o)
 .data          0x000042c0        0x0 ../hello_bsp/\libhal_bsp.a(altera_avalon_uart_write.o)
 .data          0x000042c0        0x0 ../hello_bsp/\libhal_bsp.a(alt_dcache_flush_all.o)
 .data          0x000042c0        0x0 ../hello_bsp/\libhal_bsp.a(alt_errno.o)
 .data          0x000042c0        0x0 ../hello_bsp/\libhal_bsp.a(alt_icache_flush_all.o)
 .data          0x000042c0        0x0 ../hello_bsp/\libhal_bsp.a(altera_nios2_qsys_irq.o)
 .data          0x000042c0        0x0 c:/altera/13.0/nios2eds/bin/gnu/h-i686-mingw32/bin/../lib/gcc/nios2-elf/4.1.2/../../../../nios2-elf/lib/mno-hw-mul\libsmallc.a(lib_a-int_errno.o)
                0x0000c2c0                _gp = ABSOLUTE ((. + 0x8000))
                0x0000c2c0                PROVIDE (gp, _gp)
 *(.rwdata .rwdata.*)
 *(.sdata .sdata.* .gnu.linkonce.s.*)
 .sdata         0x000042c0        0x4 ../hello_bsp/\libhal_bsp.a(alt_sys_init.o)
                0x000042c0                uart_0
 .sdata         0x000042c4        0x4 ../hello_bsp/\libhal_bsp.a(alt_errno.o)
                0x000042c4                alt_errno
 *(.sdata2 .sdata2.* .gnu.linkonce.s2.*)
                0x000042c8                . = ALIGN (0x4)
                0x000042c8                _edata = ABSOLUTE (.)
                0x000042c8                PROVIDE (edata, ABSOLUTE (.))
                0x000042c8                PROVIDE (__ram_rwdata_end, ABSOLUTE (.))
                0x000042c8                PROVIDE (__flash_rwdata_start, LOADADDR (.rwdata))

.bss            0x000042d0       0x10
                0x000042d0                __bss_start = ABSOLUTE (.)
                0x000042d0                PROVIDE (__sbss_start, ABSOLUTE (.))
                0x000042d0                PROVIDE (___sbss_start, ABSOLUTE (.))
 *(.dynsbss)
 *(.sbss .sbss.* .gnu.linkonce.sb.*)
 .sbss          0x000042d0        0xc ../hello_bsp/\libhal_bsp.a(alt_main.o)
                0x000042d0                alt_argc
                0x000042d4                alt_argv
                0x000042d8                alt_envp
 .sbss          0x000042dc        0x4 c:/altera/13.0/nios2eds/bin/gnu/h-i686-mingw32/bin/../lib/gcc/nios2-elf/4.1.2/../../../../nios2-elf/lib/mno-hw-mul\libsmallc.a(lib_a-int_errno.o)
                0x000042dc                errno
 *(.sbss2 .sbss2.* .gnu.linkonce.sb2.*)
 *(.scommon)
                0x000042e0                PROVIDE (__sbss_end, ABSOLUTE (.))
                0x000042e0                PROVIDE (___sbss_end, ABSOLUTE (.))
 *(.dynbss)
 *(.bss .bss.* .gnu.linkonce.b.*)
 .bss           0x000042e0        0x0 ../hello_bsp//obj/HAL/src/crt0.o
 .bss           0x000042e0        0x0 obj/default/hello_world_small.o
 .bss           0x000042e0        0x0 ../hello_bsp/\libhal_bsp.a(alt_load.o)
 .bss           0x000042e0        0x0 ../hello_bsp/\libhal_bsp.a(alt_main.o)
 .bss           0x000042e0        0x0 ../hello_bsp/\libhal_bsp.a(alt_putchar.o)
 .bss           0x000042e0        0x0 ../hello_bsp/\libhal_bsp.a(alt_sys_init.o)
 .bss           0x000042e0        0x0 ../hello_bsp/\libhal_bsp.a(altera_avalon_uart_write.o)
 .bss           0x000042e0        0x0 ../hello_bsp/\libhal_bsp.a(alt_dcache_flush_all.o)
 .bss           0x000042e0        0x0 ../hello_bsp/\libhal_bsp.a(alt_errno.o)
 .bss           0x000042e0        0x0 ../hello_bsp/\libhal_bsp.a(alt_icache_flush_all.o)
 .bss           0x000042e0        0x0 ../hello_bsp/\libhal_bsp.a(altera_nios2_qsys_irq.o)
 .bss           0x000042e0        0x0 c:/altera/13.0/nios2eds/bin/gnu/h-i686-mingw32/bin/../lib/gcc/nios2-elf/4.1.2/../../../../nios2-elf/lib/mno-hw-mul\libsmallc.a(lib_a-int_errno.o)
 *(COMMON)
                0x000042e0                . = ALIGN (0x4)
                0x000042e0                __bss_end = ABSOLUTE (.)

.onchip_memory2_0
                0x000042e0        0x0
                0x000042e0                PROVIDE (_alt_partition_onchip_memory2_0_start, ABSOLUTE (.))
 *(.onchip_memory2_0. onchip_memory2_0.*)
                0x000042e0                . = ALIGN (0x4)
                0x000042e0                PROVIDE (_alt_partition_onchip_memory2_0_end, ABSOLUTE (.))
                0x000042e0                _end = ABSOLUTE (.)
                0x000042e0                end = ABSOLUTE (.)
                0x000042e0                __alt_stack_base = ABSOLUTE (.)
                0x000042e0                PROVIDE (_alt_partition_onchip_memory2_0_load_addr, LOADADDR (.onchip_memory2_0))

.stab
 *(.stab)

.stabstr
 *(.stabstr)

.stab.excl
 *(.stab.excl)

.stab.exclstr
 *(.stab.exclstr)

.stab.index
 *(.stab.index)

.stab.indexstr
 *(.stab.indexstr)

.comment        0x00000000       0x23
 *(.comment)
 .comment       0x00000000       0x23 obj/default/hello_world_small.o
                                 0x24 (size before relaxing)
 .comment       0x00000000       0x24 ../hello_bsp/\libhal_bsp.a(alt_load.o)
 .comment       0x00000000       0x24 ../hello_bsp/\libhal_bsp.a(alt_main.o)
 .comment       0x00000000       0x24 ../hello_bsp/\libhal_bsp.a(alt_putchar.o)
 .comment       0x00000000       0x24 ../hello_bsp/\libhal_bsp.a(alt_sys_init.o)
 .comment       0x00000000       0x24 ../hello_bsp/\libhal_bsp.a(altera_avalon_uart_write.o)
 .comment       0x00000000       0x24 ../hello_bsp/\libhal_bsp.a(alt_dcache_flush_all.o)
 .comment       0x00000000       0x24 ../hello_bsp/\libhal_bsp.a(alt_errno.o)
 .comment       0x00000000       0x24 ../hello_bsp/\libhal_bsp.a(alt_icache_flush_all.o)
 .comment       0x00000000       0x24 ../hello_bsp/\libhal_bsp.a(altera_nios2_qsys_irq.o)
 .comment       0x00000000       0x24 c:/altera/13.0/nios2eds/bin/gnu/h-i686-mingw32/bin/../lib/gcc/nios2-elf/4.1.2/../../../../nios2-elf/lib/mno-hw-mul\libsmallc.a(lib_a-int_errno.o)

.debug
 *(.debug)

.line
 *(.line)

.debug_srcinfo
 *(.debug_srcinfo)

.debug_sfnames
 *(.debug_sfnames)

.debug_aranges  0x00000000      0x148
 *(.debug_aranges)
 .debug_aranges
                0x00000000       0x28 ../hello_bsp//obj/HAL/src/crt0.o
 .debug_aranges
                0x00000028       0x20 obj/default/hello_world_small.o
 .debug_aranges
                0x00000048       0x20 ../hello_bsp/\libhal_bsp.a(alt_load.o)
 .debug_aranges
                0x00000068       0x20 ../hello_bsp/\libhal_bsp.a(alt_main.o)
 .debug_aranges
                0x00000088       0x20 ../hello_bsp/\libhal_bsp.a(alt_putchar.o)
 .debug_aranges
                0x000000a8       0x20 ../hello_bsp/\libhal_bsp.a(alt_sys_init.o)
 .debug_aranges
                0x000000c8       0x20 ../hello_bsp/\libhal_bsp.a(altera_avalon_uart_write.o)
 .debug_aranges
                0x000000e8       0x20 ../hello_bsp/\libhal_bsp.a(alt_dcache_flush_all.o)
 .debug_aranges
                0x00000108       0x20 ../hello_bsp/\libhal_bsp.a(alt_icache_flush_all.o)
 .debug_aranges
                0x00000128       0x20 ../hello_bsp/\libhal_bsp.a(altera_nios2_qsys_irq.o)

.debug_pubnames
                0x00000000      0x1d3
 *(.debug_pubnames)
 .debug_pubnames
                0x00000000       0x1b obj/default/hello_world_small.o
 .debug_pubnames
                0x0000001b       0x1f ../hello_bsp/\libhal_bsp.a(alt_load.o)
 .debug_pubnames
                0x0000003a       0x46 ../hello_bsp/\libhal_bsp.a(alt_main.o)
 .debug_pubnames
                0x00000080       0x22 ../hello_bsp/\libhal_bsp.a(alt_putchar.o)
 .debug_pubnames
                0x000000a2       0x3f ../hello_bsp/\libhal_bsp.a(alt_sys_init.o)
 .debug_pubnames
                0x000000e1       0x2f ../hello_bsp/\libhal_bsp.a(altera_avalon_uart_write.o)
 .debug_pubnames
                0x00000110       0x2b ../hello_bsp/\libhal_bsp.a(alt_dcache_flush_all.o)
 .debug_pubnames
                0x0000013b       0x20 ../hello_bsp/\libhal_bsp.a(alt_errno.o)
 .debug_pubnames
                0x0000015b       0x2b ../hello_bsp/\libhal_bsp.a(alt_icache_flush_all.o)
 .debug_pubnames
                0x00000186       0x31 ../hello_bsp/\libhal_bsp.a(altera_nios2_qsys_irq.o)
 .debug_pubnames
                0x000001b7       0x1c c:/altera/13.0/nios2eds/bin/gnu/h-i686-mingw32/bin/../lib/gcc/nios2-elf/4.1.2/../../../../nios2-elf/lib/mno-hw-mul\libsmallc.a(lib_a-int_errno.o)

.debug_info     0x00000000      0xa25
 *(.debug_info .gnu.linkonce.wi.*)
 .debug_info    0x00000000       0x53 ../hello_bsp//obj/HAL/src/crt0.o
 .debug_info    0x00000053       0xcb obj/default/hello_world_small.o
 .debug_info    0x0000011e      0x12e ../hello_bsp/\libhal_bsp.a(alt_load.o)
 .debug_info    0x0000024c      0x125 ../hello_bsp/\libhal_bsp.a(alt_main.o)
 .debug_info    0x00000371       0xc5 ../hello_bsp/\libhal_bsp.a(alt_putchar.o)
 .debug_info    0x00000436      0x153 ../hello_bsp/\libhal_bsp.a(alt_sys_init.o)
 .debug_info    0x00000589      0x1be ../hello_bsp/\libhal_bsp.a(altera_avalon_uart_write.o)
 .debug_info    0x00000747       0x8d ../hello_bsp/\libhal_bsp.a(alt_dcache_flush_all.o)
 .debug_info    0x000007d4       0xab ../hello_bsp/\libhal_bsp.a(alt_errno.o)
 .debug_info    0x0000087f       0x8d ../hello_bsp/\libhal_bsp.a(alt_icache_flush_all.o)
 .debug_info    0x0000090c       0x8d ../hello_bsp/\libhal_bsp.a(altera_nios2_qsys_irq.o)
 .debug_info    0x00000999       0x8c c:/altera/13.0/nios2eds/bin/gnu/h-i686-mingw32/bin/../lib/gcc/nios2-elf/4.1.2/../../../../nios2-elf/lib/mno-hw-mul\libsmallc.a(lib_a-int_errno.o)

.debug_abbrev   0x00000000      0x569
 *(.debug_abbrev)
 .debug_abbrev  0x00000000       0x12 ../hello_bsp//obj/HAL/src/crt0.o
 .debug_abbrev  0x00000012       0x7b obj/default/hello_world_small.o
 .debug_abbrev  0x0000008d       0x97 ../hello_bsp/\libhal_bsp.a(alt_load.o)
 .debug_abbrev  0x00000124       0xa6 ../hello_bsp/\libhal_bsp.a(alt_main.o)
 .debug_abbrev  0x000001ca       0x7b ../hello_bsp/\libhal_bsp.a(alt_putchar.o)
 .debug_abbrev  0x00000245       0xdc ../hello_bsp/\libhal_bsp.a(alt_sys_init.o)
 .debug_abbrev  0x00000321       0xf2 ../hello_bsp/\libhal_bsp.a(altera_avalon_uart_write.o)
 .debug_abbrev  0x00000413       0x3f ../hello_bsp/\libhal_bsp.a(alt_dcache_flush_all.o)
 .debug_abbrev  0x00000452       0x5e ../hello_bsp/\libhal_bsp.a(alt_errno.o)
 .debug_abbrev  0x000004b0       0x3f ../hello_bsp/\libhal_bsp.a(alt_icache_flush_all.o)
 .debug_abbrev  0x000004ef       0x3f ../hello_bsp/\libhal_bsp.a(altera_nios2_qsys_irq.o)
 .debug_abbrev  0x0000052e       0x3b c:/altera/13.0/nios2eds/bin/gnu/h-i686-mingw32/bin/../lib/gcc/nios2-elf/4.1.2/../../../../nios2-elf/lib/mno-hw-mul\libsmallc.a(lib_a-int_errno.o)

.debug_line     0x00000000     0x1682
 *(.debug_line)
 .debug_line    0x00000000       0x66 ../hello_bsp//obj/HAL/src/crt0.o
 .debug_line    0x00000066      0x149 obj/default/hello_world_small.o
 .debug_line    0x000001af      0x211 ../hello_bsp/\libhal_bsp.a(alt_load.o)
 .debug_line    0x000003c0      0x2bc ../hello_bsp/\libhal_bsp.a(alt_main.o)
 .debug_line    0x0000067c      0x1ec ../hello_bsp/\libhal_bsp.a(alt_putchar.o)
 .debug_line    0x00000868      0x260 ../hello_bsp/\libhal_bsp.a(alt_sys_init.o)
 .debug_line    0x00000ac8      0x314 ../hello_bsp/\libhal_bsp.a(altera_avalon_uart_write.o)
 .debug_line    0x00000ddc      0x1af ../hello_bsp/\libhal_bsp.a(alt_dcache_flush_all.o)
 .debug_line    0x00000f8b      0x1a4 ../hello_bsp/\libhal_bsp.a(alt_errno.o)
 .debug_line    0x0000112f      0x1af ../hello_bsp/\libhal_bsp.a(alt_icache_flush_all.o)
 .debug_line    0x000012de      0x1c8 ../hello_bsp/\libhal_bsp.a(altera_nios2_qsys_irq.o)
 .debug_line    0x000014a6      0x1dc c:/altera/13.0/nios2eds/bin/gnu/h-i686-mingw32/bin/../lib/gcc/nios2-elf/4.1.2/../../../../nios2-elf/lib/mno-hw-mul\libsmallc.a(lib_a-int_errno.o)

.debug_frame    0x00000000      0x17c
 *(.debug_frame)
 .debug_frame   0x00000000       0x2c obj/default/hello_world_small.o
 .debug_frame   0x0000002c       0x38 ../hello_bsp/\libhal_bsp.a(alt_load.o)
 .debug_frame   0x00000064       0x28 ../hello_bsp/\libhal_bsp.a(alt_main.o)
 .debug_frame   0x0000008c       0x2c ../hello_bsp/\libhal_bsp.a(alt_putchar.o)
 .debug_frame   0x000000b8       0x38 ../hello_bsp/\libhal_bsp.a(alt_sys_init.o)
 .debug_frame   0x000000f0       0x2c ../hello_bsp/\libhal_bsp.a(altera_avalon_uart_write.o)
 .debug_frame   0x0000011c       0x20 ../hello_bsp/\libhal_bsp.a(alt_dcache_flush_all.o)
 .debug_frame   0x0000013c       0x20 ../hello_bsp/\libhal_bsp.a(alt_icache_flush_all.o)
 .debug_frame   0x0000015c       0x20 ../hello_bsp/\libhal_bsp.a(altera_nios2_qsys_irq.o)

.debug_str      0x00000000      0x4c7
 *(.debug_str)
 .debug_str     0x00000000       0x95 obj/default/hello_world_small.o
                                 0xc6 (size before relaxing)
 .debug_str     0x00000095      0x113 ../hello_bsp/\libhal_bsp.a(alt_load.o)
                                0x1a8 (size before relaxing)
 .debug_str     0x000001a8       0x75 ../hello_bsp/\libhal_bsp.a(alt_main.o)
                                0x12c (size before relaxing)
 .debug_str     0x0000021d       0x44 ../hello_bsp/\libhal_bsp.a(alt_putchar.o)
                                 0xfb (size before relaxing)
 .debug_str     0x00000261       0x65 ../hello_bsp/\libhal_bsp.a(alt_sys_init.o)
                                0x16f (size before relaxing)
 .debug_str     0x000002c6       0x71 ../hello_bsp/\libhal_bsp.a(altera_avalon_uart_write.o)
                                0x198 (size before relaxing)
 .debug_str     0x00000337       0x34 ../hello_bsp/\libhal_bsp.a(alt_dcache_flush_all.o)
                                 0xeb (size before relaxing)
 .debug_str     0x0000036b       0x14 ../hello_bsp/\libhal_bsp.a(alt_errno.o)
                                 0xdb (size before relaxing)
 .debug_str     0x0000037f       0x34 ../hello_bsp/\libhal_bsp.a(alt_icache_flush_all.o)
                                 0xeb (size before relaxing)
 .debug_str     0x000003b3       0x3b ../hello_bsp/\libhal_bsp.a(altera_nios2_qsys_irq.o)
                                 0xf2 (size before relaxing)
 .debug_str     0x000003ee       0xd9 c:/altera/13.0/nios2eds/bin/gnu/h-i686-mingw32/bin/../lib/gcc/nios2-elf/4.1.2/../../../../nios2-elf/lib/mno-hw-mul\libsmallc.a(lib_a-int_errno.o)
                                0x174 (size before relaxing)

.debug_loc      0x00000000      0x1db
 *(.debug_loc)
 .debug_loc     0x00000000       0x84 obj/default/hello_world_small.o
 .debug_loc     0x00000084       0x1f ../hello_bsp/\libhal_bsp.a(alt_load.o)
 .debug_loc     0x000000a3       0x1f ../hello_bsp/\libhal_bsp.a(alt_main.o)
 .debug_loc     0x000000c2       0x3d ../hello_bsp/\libhal_bsp.a(alt_putchar.o)
 .debug_loc     0x000000ff       0x32 ../hello_bsp/\libhal_bsp.a(alt_sys_init.o)
 .debug_loc     0x00000131       0xaa ../hello_bsp/\libhal_bsp.a(altera_avalon_uart_write.o)

.debug_macinfo
 *(.debug_macinfo)

.debug_weaknames
 *(.debug_weaknames)

.debug_funcnames
 *(.debug_funcnames)

.debug_typenames
 *(.debug_typenames)

.debug_varnames
 *(.debug_varnames)

.debug_alt_sim_info
                0x00000000       0x10
 *(.debug_alt_sim_info)
 .debug_alt_sim_info
                0x00000000       0x10 ../hello_bsp//obj/HAL/src/crt0.o
                0x00006004                __alt_data_end = 0x6004
                0x00006004                PROVIDE (__alt_stack_pointer, __alt_data_end)
                0x000042e0                PROVIDE (__alt_stack_limit, __alt_stack_base)
                0x000042e0                PROVIDE (__alt_heap_start, end)
                0x00006004                PROVIDE (__alt_heap_limit, 0x6004)
OUTPUT(hello.elf elf32-littlenios2)

.debug_ranges   0x00000000       0x20
 .debug_ranges  0x00000000       0x20 ../hello_bsp//obj/HAL/src/crt0.o
